30
884 913 940 947 950 953 961 964 966 969 970 971 974 975 977 978 979 980 983 987 988 989 992 993 995 996 997 998 999 1000
82
37
