125
599230 599376 599382 599408 599483 599526 599547 599562 599647 599651 599659 599676 599677 599692 599705 599713 599727 599732 599733 599746 599756 599767 599770 599772 599786 599794 599797 599803 599805 599808 599824 599825 599826 599831 599839 599842 599848 599850 599852 599854 599855 599856 599858 599861 599863 599867 599868 599870 599874 599875 599877 599878 599881 599887 599890 599891 599894 599895 599897 599898 599899 599900 599903 599904 599907 599908 599909 599911 599913 599915 599919 599920 599921 599927 599928 599929 599931 599932 599934 599938 599941 599942 599944 599945 599947 599949 599951 599952 599953 599954 599956 599957 599958 599963 599964 599965 599967 599968 599969 599970 599971 599972 599973 599975 599977 599978 599979 599980 599981 599983 599984 599985 599986 599987 599988 599989 599990 599991 599992 599993 599994 599995 599996 599999 600000
51950
4955
